[lemonag.wixsite.com/portfolio.html]
[static.parastorage.com/services/wix-thunderbolt/dist/originTrials.41d7301a.bundle.min.js]
[static.parastorage.com/unpkg/core-js-bundle@3.2.1/minified.js]
[static.parastorage.com/unpkg/focus-within-polyfill@5.0.9/dist/focus-within-polyfill.js]
[backblue.gif]
[fade.gif]
[index.html]
[polyfill.io/v3/polyfill.mind82c.js]
[lemonag.wixsite.com/index.html]
[lemonag.wixsite.com/portfolio/resume.html]
[lemonag.wixsite.com/portfolio/app-design.html]
[lemonag.wixsite.com/portfolio/portfolio.html]
[lemonag.wixsite.com/portfolio/marketing-analysis.html]
[lemonag.wixsite.com/portfolio/adobe-skills.html]
[static.wixstatic.com/media/c92aed_8cd0a037e1044a51add46240f4b32249_mv2.jpg/v1/crop/x_0,y_79,w_1871,h_1871/fill/w_279,h_279,al_c,q_80,usm_0.66_1.00_0.01,enc_a/IMG_2878.a.delaye]
[browser.sentry-cdn.com/6.18.2/bundle.min.js]
[lemonag.wixsite.com/sitemap.c.delayed]
[lemonag.wixsite.com/feed.d.delayed]
[lemonag.wixsite.com/${n.e.delayed]
[static.parastorage.com/services/wix-thunderbolt/dist/thunderbolt-commons.ec68bee9.bundle.min.js]
[static.parastorage.com/services/wix-thunderbolt/dist/main.f286c407.bundle.min.js]
[static.parastorage.com/unpkg/lodash@4.17.21/lodash.min.js]
[static.parastorage.com/unpkg/react@18.2.0/umd/react.production.min.js]
[static.parastorage.com/unpkg/react-dom@18.2.0/umd/react-dom.production.min.js]
[lemonag.wixsite.com/decodeURIComponent(e.14.delayed]
[static.parastorage.com/services/tag-manager-client/1.827.0/siteTags.bundle.min.js]
[lemonag.wixsite.com/portfolio.html]
[lemonag.wixsite.com/index.html]
[static.parastorage.com/services/wix-perf-measure/1.1095.0/wix-perf-measure.umd.min.js]
[lemonag.wixsite.com/portfolio/robots.17.delayed]
[lemonag.wixsite.com/portfolio/sitemap.xml]
[lemonag.wixsite.com/portfolio/feed.19.delayed]
[lemonag.wixsite.com/portfolio/${n.1a.delayed]
[static.parastorage.com/unpkg/react@16.14.0/umd/react.production.min.js]
[static.parastorage.com/unpkg/react-dom@16.14.0/umd/react-dom.production.min.js]
[lemonag.wixsite.com/portfolio/decodeURIComponent(e.1d.delayed]
[lemonag.wixsite.com/portfolio/resume.html]
[static.wixstatic.com/media/c92aed_72dbea8dadac40388bd40b1a8f4b957d_mv2.png/v1/fill/w_66,h_37,al_c,q_85,usm_0.66_1.00_0.01,blur_2,e/Persona-IMS-354-Ainsley-Lemon (2).png]
[static.wixstatic.com/media/c92aed_c3dc3fd1c70f461790d8263d8c4bbdb9_mv2.png/v1/crop/x_135,y_0,w_2004,h_2128/fill/w_322,h_343,al_c,q_85,usm_0.66_1.00_0.0/CGkondIXSLmFUys.1e.dela]
[static.wixstatic.com/media/c92aed_aa1a823185984249aec0fe01278321c4_mv2.png/v1/fill/w_54,h_42,al_c,q_85,usm_0.66_1.00_0.01,blur_2,e/c92aed_aa1a823185984249aec0fe01278321c4_mv2]
[static.wixstatic.com/media/c92aed_3b25525cb0a8499dbbf85d754dc47292_mv2.jpg/v1/fill/w_98,h_76,al_c,q_80,usm_0.66_1.00_0.01,blur_2,enc_auto/journal.jpg]
[static.wixstatic.com/media/c92aed_b22e1100d7604a449a8f4e0d057c0551_mv2.jpg/v1/crop/x_0,y_0,w_2129,h_871/fill/w_98,h_40,al_c,q_80,usm_0.66_1.00_0.01,blu/heart monitor.21.delaye]
[static.wixstatic.com/media/c92aed_8457973a3eab4f8a8bec9d1c305c2c30_mv2.jpg/v1/fill/w_97,h_76,al_c,q_80,usm_0.66_1.00_0.01,blur_2,enc_auto/exercises.jpg]
[static.wixstatic.com/media/c92aed_76ed7407065447c0aee15d3618da7a49_mv2.jpg/v1/crop/x_0,y_0,w_2097,h_1637/fill/w_98,h_76,al_c,q_80,usm_0.66_1.00_0.01,blur_2,enc_auto/games.jpg]
[static.wixstatic.com/media/c92aed_f5b3b748b30343fead39108a00fd30f0_mv2.jpg/v1/fill/w_98,h_78,al_c,q_80,usm_0.66_1.00_0.01,blur_2,enc_auto/games 2.jpg]
[static.wixstatic.com/media/c92aed_bb8073dcb51b4b7c8b75817a98ce742b_mv2.jpg/v1/fill/w_98,h_76,al_c,q_80,usm_0.66_1.00_0.01,blur_2,enc_auto/saved journal.jpg]
[static.wixstatic.com/media/c92aed_1100a53d1df843e7b725d3377be8f09c_mv2.jpg/v1/crop/x_0,y_12,w_2129,h_859/fill/w_98,h_39,al_c,q_80,usm_0.66_1.00_0.01,bl/heart monitor.26.delaye]
[static.wixstatic.com/media/c92aed_6bfd8566d703469ca3a18ad3ec370603_mv2.jpg/v1/fill/w_97,h_76,al_c,q_80,usm_0.66_1.00_0.01,blur_2,enc_auto/save journal.jpg]
[static.wixstatic.com/media/c92aed_0b8ab91423b24c7989ce140e326bb9a5_mv2.jpg/v1/fill/w_98,h_76,al_c,q_80,usm_0.66_1.00_0.01,blur_2,e/Final-LoFi-Wireframes-IMS-354-Ainsley-Lemon1]
[static.wixstatic.com/media/c92aed_86ab2bf598d14d0ba16e2a32b5d618e2_mv2.png/v1/fill/w_54,h_42,al_c,q_85,usm_0.66_1.00_0.01,blur_2,enc_auto/HiFi-Heartrate-1.png]
[static.wixstatic.com/media/c92aed_542de42d3a454808b47c2cc26e12c8b4_mv2.jpg/v1/fill/w_95,h_76,al_c,q_80,usm_0.66_1.00_0.01,blur_2,e/Final-LoFi-Wireframes-IMS-354-Ainsley-Lemon1]
[static.wixstatic.com/media/c92aed_35e17bac136f47c7ba2197ba75b8a3f9_mv2.jpg/v1/fill/w_96,h_76,al_c,q_80,usm_0.66_1.00_0.01,blur_2,e/Final-LoFi-Wireframes-IMS-354-Ainsley-Lemon1]
[static.wixstatic.com/media/c92aed_6f83bf5541d24ebfba84cc9c1ae0bf93_mv2.png/v1/fill/w_53,h_42,al_c,q_85,usm_0.66_1.00_0.01,blur_2,enc_auto/HiFi-Journal-1.png]
[static.wixstatic.com/media/c92aed_2008be01d636412f99e482fb9ac35287_mv2.jpg/v1/crop/x_2,y_0,w_1021,h_797/fill/w_98,h_76,al_c,q_80,usm_0.66_1.00_0.01,blu/Final-LoFi-Wireframes-I]
[static.wixstatic.com/media/c92aed_d3de0c98ab2e4e22b1e1a7bf59340713_mv2.png/v1/fill/w_53,h_42,al_c,q_85,usm_0.66_1.00_0.01,blur_2,enc_auto/HiFi-Exercises-1.png]
[static.wixstatic.com/media/c92aed_25d2d50134f94c4caad94dc4f5991ae8_mv2.jpg/v1/fill/w_98,h_71,al_c,q_80,usm_0.66_1.00_0.01,blur_2,e/Final-LoFi-Wireframes-IMS-354-Ainsley-Lemon1]
[static.wixstatic.com/media/c92aed_dde144e5ae9c483f8da5b6d4ba32c329_mv2.png/v1/fill/w_54,h_42,al_c,q_85,usm_0.66_1.00_0.01,blur_2,enc_auto/Screenshot 2023-12-19 175014.png]
[static.wixstatic.com/media/c92aed_b4cc2b56fb0940df884dae7c69678df9_mv2.png/v1/fill/w_54,h_42,al_c,q_85,usm_0.66_1.00_0.01,blur_2,enc_auto/Screenshot 2023-12-19 175444.png]
[static.wixstatic.com/media/c92aed_5f22e60f6ec342f882af631885370eb4_mv2.png/v1/fill/w_80,h_43,al_c,q_85,usm_0.66_1.00_0.01,blur_2,enc_auto/android-workflow-journal-1.png]
[static.wixstatic.com/media/c92aed_06ec1b23726f40d49d4e28d17817d0a7_mv2.png/v1/crop/x_77,y_0,w_10412,h_6625/fill/w_68,h_43,al_c,q_85,usm_0.66_1.00_0.01,/gamification-1-1.33.del]
[static.wixstatic.com/media/c92aed_e52cfe4a7c5c44c6831015b9425423d2_mv2.png/v1/fill/w_50,h_22,al_c,q_85,usm_0.66_1.00_0.01,blur_2,enc_auto/android-workflow-games-1-1.png]
[lemonag.wixsite.com/portfolio/app-design.html]
[static.wixstatic.com/media/c92aed_3a5eb3ff70624b6b89f959a8d3ffaec9_mv2.png/v1/crop/x_38,y_0,w_10413,h_6625/fill/w_68,h_43,al_c,q_85,usm_0.66_1.00_0.01,/gamification-2-1.34.del]
[static.wixstatic.com/media/c92aed_0a453f7dedf5438f8a1ca3bee09dccf0_mv2.png/v1/crop/x_123,y_0,w_10414,h_3803/fill/w_68,h_25,al_c,q_85,usm_0.66_1.00_0.01/gamification-3-1.35.del]
[static.wixstatic.com/media/c92aed_4bb742ab4939410a85d1c65414e68478_mv2.png/v1/crop/x_403,y_0,w_10165,h_6467/fill/w_68,h_43,al_c,q_85,usm_0.66_1.00_0.01/android-workflow-heartr]
[static.wixstatic.com/media/c92aed_9ae82a6eca2f4f74ae9fb3370bda7b58_mv2.png/v1/crop/x_288,y_0,w_12057,h_6553/fill/w_79,h_43,al_c,q_85,usm_0.66_1.00_0.01/android-workflow-exerci]
[lemonag.wixsite.com/portfolio/portfolio.html]
[lemonag.wixsite.com/portfolio/marketing-analysis.html]
[static.wixstatic.com/media/c92aed_01ac3976558a410faddb32ccb8a01ad0_mv2.jpg/v1/crop/x_1370,y_0,w_3200,h_2907/fill/w_277,h_252,al_c,q_80,usm_0.66_1.00_0/c92aed_01ac3976558a410f]
[static.wixstatic.com/media/c92aed_7da806e2e0de40a99c66253592e9f201_mv2.jpg/v1/crop/x_0,y_503,w_3024,h_3529/fill/w_277,h_317,al_c,q_80,usm_0.66_1.00_0.0/c92aed_7da806e2e0de40a9]
[static.wixstatic.com/media/c92aed_1bbbb6dcc67741298bab197048f00303_mv2.jpg/v1/fill/w_240,h_317,al_c,q_80,usm_0.66_1.00_0.01,enc_au/c92aed_1bbbb6dcc67741298bab197048f00303_mv2]
[static.wixstatic.com/media/c92aed_aeb0c7bbb84c4491ba91bb7e9cfbc095_mv2.jpg/v1/crop/x_1870,y_0,w_3380,h_3126/fill/w_282,h_261,al_c,q_80,usm_0.66_1.00_0/c92aed_aeb0c7bbb84c4491]
[lemonag.wixsite.com/portfolio/adobe-skills.html]
[static.wixstatic.com/media/c92aed_f39367177b7e47679f0995e86c3e1815_mv2.jpg/v1/crop/x_2100,y_0,w_2850,h_3016/fill/w_282,h_302,al_c,q_80,usm_0.66_1.00_0/c92aed_f39367177b7e4767]
[static.wixstatic.com/media/c92aed_3c8d4904971648f3b4d23b33aa571316_mv2.png/v1/fill/w_519,h_385,al_c,q_85,usm_0.66_1.00_0.01,enc_au/c92aed_3c8d4904971648f3b4d23b33aa571316_mv2]
[static.wixstatic.com/media/c92aed_642cdb0edcb2421cb8213efbe4161878_mv2.png/v1/fill/w_516,h_357,al_c,q_85,usm_0.66_1.00_0.01,enc_au/c92aed_642cdb0edcb2421cb8213efbe4161878_mv2]
[lemonag.wixsite.com/sitemap.html]
[lemonag.wixsite.com/feed.html]
[static.wixstatic.com/media/c92aed_97d1a92fa1de4575a08e2e0e0ceaff2a_mv2.png/v1/fill/w_115,h_78,al_c,q_85,usm_0.66_1.00_0.01,blur_2,/c92aed_97d1a92fa1de4575a08e2e0e0ceaff2a_mv2]
[lemonag.wixsite.com/${n.html]
[static.wixstatic.com/media/c92aed_0bba84481e374b479aa12d5e3e0e8b78_mv2.png/v1/crop/x_0,y_0,w_9348,h_5881/fill/w_65,h_41,al_c,q_85,usm_0.66_1.00_0.01,bl/android-workflow-games-]
[lemonag.wixsite.com/decodeURIComponent(e.html]
[static.wixstatic.com/media/c92aed_871c04eba3ed400aa2d11f40fe87e0c8_mv2.jpg/v1/crop/x_1680,y_0,w_3520,h_3366/fill/w_240,h_230,al_c,q_80,usm_0.66_1.00_0/c92aed_871c04eba3ed400a]
[lemonag.wixsite.com/portfolio/robots.html]
[static.wixstatic.com/media/c92aed_1147cb1100fb486f99f43e8c98ea966b_mv2.png/v1/fill/w_116,h_84,al_c,q_85,usm_0.66_1.00_0.01,blur_2,/c92aed_1147cb1100fb486f99f43e8c98ea966b_mv2]
[lemonag.wixsite.com/portfolio/feed.html]
[static.wixstatic.com/media/c92aed_757b389293cb4fe284619abd8efca688_mv2.png/v1/fill/w_107,h_105,al_c,q_85,usm_0.66_1.00_0.01,blur_2/c92aed_757b389293cb4fe284619abd8efca688_mv2]
[lemonag.wixsite.com/portfolio/${n.html]
[lemonag.wixsite.com/portfolio/decodeURIComponent(e.html]
[static.wixstatic.com/media/c92aed_c86ea3a43fe64d56b55b4c0d3e1a9ec4_mv2.png/v1/fill/w_113,h_81,al_c,q_85,usm_0.66_1.00_0.01,blur_2,/c92aed_c86ea3a43fe64d56b55b4c0d3e1a9ec4_mv2]
[static.wixstatic.com/media/c92aed_92339dbe42eb4cbfad0c44ecaebef598_mv2.png/v1/fill/w_82,h_63,al_c,q_85,usm_0.66_1.00_0.01,blur_2,e/c92aed_92339dbe42eb4cbfad0c44ecaebef598_mv2]
[static.wixstatic.com/media/c92aed_b8dc309ab62647a9b27b6ecdfa596920_mv2.png/v1/fill/w_80,h_62,al_c,q_85,usm_0.66_1.00_0.01,blur_2,e/c92aed_b8dc309ab62647a9b27b6ecdfa596920_mv2]
